2025-07-31 15:40:40,884 INFO SimpleCalculator [PCK1.MainClass.main()] Asking user for first number...
 
2025-07-31 15:40:43,012 INFO SimpleCalculator [PCK1.MainClass.main()] Converting user input (250) to integer...
 
2025-07-31 15:40:43,012 INFO SimpleCalculator [PCK1.MainClass.main()] User first number converted successfully
 
2025-07-31 15:40:43,012 INFO SimpleCalculator [PCK1.MainClass.main()] Asking user for operation sign...
 
2025-07-31 15:40:44,145 INFO SimpleCalculator [PCK1.MainClass.main()] User inputted (+) as there operation sign
 
2025-07-31 15:40:44,145 INFO SimpleCalculator [PCK1.MainClass.main()] Asking user for second number...
 
2025-07-31 15:40:45,630 INFO SimpleCalculator [PCK1.MainClass.main()] Converting user input (25) to integer...
 
2025-07-31 15:40:45,630 INFO SimpleCalculator [PCK1.MainClass.main()] User second input converted successfully
 
2025-07-31 15:40:45,630 INFO SimpleCalculator [PCK1.MainClass.main()] Operation completed successfully. The result of the operation was 275
 
2025-07-31 15:40:47,142 INFO SimpleCalculator [PCK1.MainClass.main()] Users wants to do another operation. Restarting...
 
2025-07-31 15:40:47,142 INFO SimpleCalculator [PCK1.MainClass.main()] Asking user for first number...
 
2025-07-31 15:40:52,514 INFO SimpleCalculator [PCK1.MainClass.main()] Converting user input (2147483647) to integer...
 
2025-07-31 15:40:52,514 INFO SimpleCalculator [PCK1.MainClass.main()] User first number converted successfully
 
2025-07-31 15:40:52,514 INFO SimpleCalculator [PCK1.MainClass.main()] Asking user for operation sign...
 
2025-07-31 15:40:58,999 INFO SimpleCalculator [PCK1.MainClass.main()] User inputted (*) as there operation sign
 
2025-07-31 15:40:58,999 INFO SimpleCalculator [PCK1.MainClass.main()] Asking user for second number...
 
2025-07-31 15:41:00,340 INFO SimpleCalculator [PCK1.MainClass.main()] Converting user input (2) to integer...
 
2025-07-31 15:41:00,340 INFO SimpleCalculator [PCK1.MainClass.main()] User second input converted successfully
 
2025-07-31 15:41:00,340 ERROR SimpleCalculator [PCK1.MainClass.main()] A precision error occurred when doing the operation 2147483647 * 2 = -2
 
2025-07-31 15:41:00,395 INFO SimpleCalculator [PCK1.MainClass.main()] Asking user for first number...
 
2025-07-31 15:41:04,155 INFO SimpleCalculator [PCK1.MainClass.main()] Converting user input (2147483647) to integer...
 
2025-07-31 15:41:04,155 INFO SimpleCalculator [PCK1.MainClass.main()] User first number converted successfully
 
2025-07-31 15:41:04,155 INFO SimpleCalculator [PCK1.MainClass.main()] Asking user for operation sign...
 
2025-07-31 15:41:05,370 INFO SimpleCalculator [PCK1.MainClass.main()] User inputted (+) as there operation sign
 
2025-07-31 15:41:05,370 INFO SimpleCalculator [PCK1.MainClass.main()] Asking user for second number...
 
2025-07-31 15:41:07,405 INFO SimpleCalculator [PCK1.MainClass.main()] Converting user input (5) to integer...
 
2025-07-31 15:41:07,405 INFO SimpleCalculator [PCK1.MainClass.main()] User second input converted successfully
 
2025-07-31 15:41:07,405 ERROR SimpleCalculator [PCK1.MainClass.main()] A precision error occurred when doing the operation 2147483647 + 5 = -2147483644
 
2025-07-31 15:41:07,405 INFO SimpleCalculator [PCK1.MainClass.main()] Asking user for first number...
 
2025-07-31 15:41:10,366 INFO SimpleCalculator [PCK1.MainClass.main()] Converting user input (2147483647) to integer...
 
2025-07-31 15:41:10,366 INFO SimpleCalculator [PCK1.MainClass.main()] User first number converted successfully
 
2025-07-31 15:41:10,366 INFO SimpleCalculator [PCK1.MainClass.main()] Asking user for operation sign...
 
2025-07-31 15:41:15,759 INFO SimpleCalculator [PCK1.MainClass.main()] User inputted (-) as there operation sign
 
2025-07-31 15:41:15,759 INFO SimpleCalculator [PCK1.MainClass.main()] Asking user for second number...
 
2025-07-31 15:41:17,705 INFO SimpleCalculator [PCK1.MainClass.main()] Converting user input (-1) to integer...
 
2025-07-31 15:41:17,705 INFO SimpleCalculator [PCK1.MainClass.main()] User second input converted successfully
 
2025-07-31 15:41:17,705 ERROR SimpleCalculator [PCK1.MainClass.main()] A precision error occurred when doing the operation 2147483647 - -1 = -2147483648
 
2025-07-31 15:41:17,705 INFO SimpleCalculator [PCK1.MainClass.main()] Asking user for first number...
 
2025-07-31 15:41:42,878 INFO SimpleCalculator [PCK1.MainClass.main()] Converting user input (250) to integer...
 
2025-07-31 15:41:42,878 INFO SimpleCalculator [PCK1.MainClass.main()] User first number converted successfully
 
2025-07-31 15:41:42,878 INFO SimpleCalculator [PCK1.MainClass.main()] Asking user for operation sign...
 
2025-07-31 15:41:43,708 INFO SimpleCalculator [PCK1.MainClass.main()] User inputted (+) as there operation sign
 
2025-07-31 15:41:43,708 INFO SimpleCalculator [PCK1.MainClass.main()] Asking user for second number...
 
2025-07-31 15:41:44,854 INFO SimpleCalculator [PCK1.MainClass.main()] Converting user input (2) to integer...
 
2025-07-31 15:41:44,854 INFO SimpleCalculator [PCK1.MainClass.main()] User second input converted successfully
 
2025-07-31 15:41:44,854 INFO SimpleCalculator [PCK1.MainClass.main()] Operation completed successfully. The result of the operation was 252
 
2025-07-31 15:41:48,016 INFO SimpleCalculator [PCK1.MainClass.main()] Users doesn't want to do anymore operations. Closing...
 
